Loaded value [0xb9cb17b29e5109d2] @ address 0x00000016
Loaded value [0x21e774785a710d44] @ address 0x000005fe
Loaded value [0xb9cb17b29e5109d2] @ address 0x00000016
Loaded value [0x21e774785a710d44] @ address 0x000005fe
Cache hits: 2, misses: 2 -- hit rate 50%
